// Jest Snapshot v1, https://goo.gl/fbAQLP

exports[`Root component matches snapshot 1`] = `
<View
  style={
    Object {
      "backgroundColor": "gray",
      "flex": 1,
    }
  }
>
  <View
    style={
      Object {
        "alignItems": "center",
        "backgroundColor": "white",
        "borderRadius": 30,
        "margin": 40,
        "padding": 20,
      }
    }
  >
    <Text
      style={
        Object {
          "color": "#242424",
          "fontSize": 50,
          "paddingBottom": 20,
        }
      }
    >
      Login
    </Text>
    <View
      style={
        Object {
          "paddingHorizontal": 10,
          "width": "100%",
        }
      }
    >
      <View
        style={
          Object {
            "alignItems": "center",
            "backgroundColor": "#DDD",
            "borderBottomWidth": 1,
            "borderColor": "#86939e",
            "borderRadius": 90,
            "flexDirection": "row",
            "paddingLeft": 20,
            "paddingRight": 20,
            "transform": Array [
              Object {
                "translateX": 0,
              },
            ],
          }
        }
      >
        <TextInput
          allowFontScaling={true}
          editable={true}
          onChangeText={[Function]}
          placeholder="Username"
          placeholderTextColor="#86939e"
          rejectResponderTermination={true}
          style={
            Object {
              "alignSelf": "center",
              "color": "#242424",
              "flex": 1,
              "fontSize": 18,
              "minHeight": 40,
            }
          }
          testID="RNE__Input__text-input"
          underlineColorAndroid="transparent"
          value=""
        />
      </View>
      <Text
        style={
          Object {
            "color": "#ff190c",
            "fontSize": 12,
            "margin": 5,
          }
        }
      />
    </View>
    <View
      style={
        Object {
          "paddingHorizontal": 10,
          "width": "100%",
        }
      }
    >
      <View
        style={
          Object {
            "alignItems": "center",
            "backgroundColor": "#DDD",
            "borderBottomWidth": 1,
            "borderColor": "#86939e",
            "borderRadius": 90,
            "flexDirection": "row",
            "paddingLeft": 20,
            "paddingRight": 20,
            "transform": Array [
              Object {
                "translateX": 0,
              },
            ],
          }
        }
      >
        <TextInput
          allowFontScaling={true}
          editable={true}
          onChangeText={[Function]}
          placeholder="Password"
          placeholderTextColor="#86939e"
          rejectResponderTermination={true}
          secureTextEntry={true}
          style={
            Object {
              "alignSelf": "center",
              "color": "#242424",
              "flex": 1,
              "fontSize": 18,
              "minHeight": 40,
            }
          }
          testID="RNE__Input__text-input"
          underlineColorAndroid="transparent"
          value=""
        />
      </View>
      <Text
        style={
          Object {
            "color": "red",
            "fontSize": 12,
            "margin": 5,
          }
        }
      >
        
      </Text>
    </View>
    <View
      style={
        Object {
          "borderRadius": 90,
          "marginBottom": 20,
          "overflow": "hidden",
          "width": "100%",
        }
      }
    >
      <View
        accessibilityRole="button"
        accessibilityState={
          Object {
            "busy": false,
            "disabled": false,
          }
        }
        accessible={true}
        focusable={true}
        onClick={[Function]}
        onResponderGrant={[Function]}
        onResponderMove={[Function]}
        onResponderRelease={[Function]}
        onResponderTerminate={[Function]}
        onResponderTerminationRequest={[Function]}
        onStartShouldSetResponder={[Function]}
        style={
          Object {
            "opacity": 1,
          }
        }
      >
        <View
          style={
            Object {
              "alignItems": "center",
              "backgroundColor": "#2089dc",
              "borderColor": "#2089dc",
              "borderRadius": 3,
              "borderWidth": 0,
              "flexDirection": "row",
              "justifyContent": "center",
              "padding": 8,
            }
          }
        >
          <Text
            style={
              Object {
                "color": "white",
                "fontSize": 18,
                "paddingBottom": 1,
                "paddingTop": 2,
                "textAlign": "center",
              }
            }
          >
            Sign in
          </Text>
        </View>
      </View>
    </View>
    <View
      style={
        Object {
          "borderRadius": 90,
          "overflow": "hidden",
          "width": "100%",
        }
      }
    >
      <View
        accessibilityRole="button"
        accessibilityState={
          Object {
            "busy": false,
            "disabled": false,
          }
        }
        accessible={true}
        focusable={true}
        onClick={[Function]}
        onResponderGrant={[Function]}
        onResponderMove={[Function]}
        onResponderRelease={[Function]}
        onResponderTerminate={[Function]}
        onResponderTerminationRequest={[Function]}
        onStartShouldSetResponder={[Function]}
        style={
          Object {
            "opacity": 1,
          }
        }
      >
        <View
          style={
            Object {
              "alignItems": "center",
              "backgroundColor": "red",
              "borderColor": "#2089dc",
              "borderRadius": 3,
              "borderWidth": 0,
              "flexDirection": "row",
              "justifyContent": "center",
              "padding": 8,
            }
          }
        >
          <Text
            style={
              Object {
                "color": "white",
                "fontSize": 18,
                "paddingBottom": 1,
                "paddingTop": 2,
                "textAlign": "center",
              }
            }
          >
            I need an account
          </Text>
        </View>
      </View>
    </View>
  </View>
</View>
`;
